
════════════════════════════════════════════════════════════
  A2 — Conservative ↔ primitive variable transformation
════════════════════════════════════════════════════════════

dU/dW =
⎡        1           0      0      0    0    0    0     0  ⎤
⎢                                                          ⎥
⎢       vₓ           ρ      0      0    0    0    0     0  ⎥
⎢                                                          ⎥
⎢       v_y          0      ρ      0    0    0    0     0  ⎥
⎢                                                          ⎥
⎢       v_z          0      0      ρ    0    0    0     0  ⎥
⎢                                                          ⎥
⎢        0           0      0      0    1    0    0     0  ⎥
⎢                                                          ⎥
⎢        0           0      0      0    0    1    0     0  ⎥
⎢                                                          ⎥
⎢        0           0      0      0    0    0    1     0  ⎥
⎢                                                          ⎥
⎢  2      2      2                                         ⎥
⎢vₓ    v_y    v_z                                       1  ⎥
⎢─── + ──── + ────  ρ⋅vₓ  ρ⋅v_y  ρ⋅v_z  Bₓ  B_y  B_z  ─────⎥
⎣ 2     2      2                                      γ - 1⎦

dW/dU =
⎡            1                   0             0             0             0   ↪
⎢                                                                              ↪
⎢          -U₂                   1                                             ↪
⎢          ────                  ──            0             0             0   ↪
⎢            2                   U₁                                            ↪
⎢          U₁                                                                  ↪
⎢                                                                              ↪
⎢          -U₃                                 1                               ↪
⎢          ────                  0             ──            0             0   ↪
⎢            2                                 U₁                              ↪
⎢          U₁                                                                  ↪
⎢                                                                              ↪
⎢          -U₄                                               1                 ↪
⎢          ────                  0             0             ──            0   ↪
⎢            2                                               U₁                ↪
⎢          U₁                                                                  ↪
⎢                                                                              ↪
⎢            0                   0             0             0             1   ↪
⎢                                                                              ↪
⎢            0                   0             0             0             0   ↪
⎢                                                                              ↪
⎢            0                   0             0             0             0   ↪
⎢                                                                              ↪
⎢        ⎛  2     2     2⎞                                                     ↪
⎢(γ - 1)⋅⎝U₂  + U₃  + U₄ ⎠  -U₂⋅(γ - 1)   -U₃⋅(γ - 1)   -U₄⋅(γ - 1)            ↪
⎢─────────────────────────  ────────────  ────────────  ────────────  -U₅⋅(γ - ↪
⎢              2                 U₁            U₁            U₁                ↪
⎣          2⋅U₁                                                                ↪

↪           0            0         0  ⎤
↪                                     ⎥
↪                                     ⎥
↪           0            0         0  ⎥
↪                                     ⎥
↪                                     ⎥
↪                                     ⎥
↪                                     ⎥
↪           0            0         0  ⎥
↪                                     ⎥
↪                                     ⎥
↪                                     ⎥
↪                                     ⎥
↪           0            0         0  ⎥
↪                                     ⎥
↪                                     ⎥
↪                                     ⎥
↪           0            0         0  ⎥
↪                                     ⎥
↪           1            0         0  ⎥
↪                                     ⎥
↪           0            1         0  ⎥
↪                                     ⎥
↪                                     ⎥
↪                                     ⎥
↪  1)  -U₆⋅(γ - 1)  -U₇⋅(γ - 1)  γ - 1⎥
↪                                     ⎥
↪                                     ⎦

(dW/dU)·(dU/dW) =
⎡1  0  0  0  0  0  0  0⎤
⎢                      ⎥
⎢0  1  0  0  0  0  0  0⎥
⎢                      ⎥
⎢0  0  1  0  0  0  0  0⎥
⎢                      ⎥
⎢0  0  0  1  0  0  0  0⎥
⎢                      ⎥
⎢0  0  0  0  1  0  0  0⎥
⎢                      ⎥
⎢0  0  0  0  0  1  0  0⎥
⎢                      ⎥
⎢0  0  0  0  0  0  1  0⎥
⎢                      ⎥
⎣0  0  0  0  0  0  0  1⎦
  [OK] dW/dU · dU/dW = I_8 verified symbolically (all 64 entries).
  → wrote output/a02_conservative_primitive.latex.tex

All A2 identities verified by sympy.
