
============================================================
  A4 - Rotational covariance of the y-flux
============================================================
  [OK] A4-involution R^2 = I at (0,0) — sympy verified to 0.
  [OK] A4-involution R^2 = I at (0,1) — sympy verified to 0.
  [OK] A4-involution R^2 = I at (0,2) — sympy verified to 0.
  [OK] A4-involution R^2 = I at (0,3) — sympy verified to 0.
  [OK] A4-involution R^2 = I at (1,0) — sympy verified to 0.
  [OK] A4-involution R^2 = I at (1,1) — sympy verified to 0.
  [OK] A4-involution R^2 = I at (1,2) — sympy verified to 0.
  [OK] A4-involution R^2 = I at (1,3) — sympy verified to 0.
  [OK] A4-involution R^2 = I at (2,0) — sympy verified to 0.
  [OK] A4-involution R^2 = I at (2,1) — sympy verified to 0.
  [OK] A4-involution R^2 = I at (2,2) — sympy verified to 0.
  [OK] A4-involution R^2 = I at (2,3) — sympy verified to 0.
  [OK] A4-involution R^2 = I at (3,0) — sympy verified to 0.
  [OK] A4-involution R^2 = I at (3,1) — sympy verified to 0.
  [OK] A4-involution R^2 = I at (3,2) — sympy verified to 0.
  [OK] A4-involution R^2 = I at (3,3) — sympy verified to 0.
  [OK] A4-covariance F_y = R F_x(R U) at component 0 — sympy verified to 0.
  [OK] A4-covariance F_y = R F_x(R U) at component 1 — sympy verified to 0.
  [OK] A4-covariance F_y = R F_x(R U) at component 2 — sympy verified to 0.
  [OK] A4-covariance F_y = R F_x(R U) at component 3 — sympy verified to 0.
  [OK] A4-Jacobian covariance A_y = R A_x(R U) R at (0,0) — sympy verified to 0.
  [OK] A4-Jacobian covariance A_y = R A_x(R U) R at (0,1) — sympy verified to 0.
  [OK] A4-Jacobian covariance A_y = R A_x(R U) R at (0,2) — sympy verified to 0.
  [OK] A4-Jacobian covariance A_y = R A_x(R U) R at (0,3) — sympy verified to 0.
  [OK] A4-Jacobian covariance A_y = R A_x(R U) R at (1,0) — sympy verified to 0.
  [OK] A4-Jacobian covariance A_y = R A_x(R U) R at (1,1) — sympy verified to 0.
  [OK] A4-Jacobian covariance A_y = R A_x(R U) R at (1,2) — sympy verified to 0.
  [OK] A4-Jacobian covariance A_y = R A_x(R U) R at (1,3) — sympy verified to 0.
  [OK] A4-Jacobian covariance A_y = R A_x(R U) R at (2,0) — sympy verified to 0.
  [OK] A4-Jacobian covariance A_y = R A_x(R U) R at (2,1) — sympy verified to 0.
  [OK] A4-Jacobian covariance A_y = R A_x(R U) R at (2,2) — sympy verified to 0.
  [OK] A4-Jacobian covariance A_y = R A_x(R U) R at (2,3) — sympy verified to 0.
  [OK] A4-Jacobian covariance A_y = R A_x(R U) R at (3,0) — sympy verified to 0.
  [OK] A4-Jacobian covariance A_y = R A_x(R U) R at (3,1) — sympy verified to 0.
  [OK] A4-Jacobian covariance A_y = R A_x(R U) R at (3,2) — sympy verified to 0.
  [OK] A4-Jacobian covariance A_y = R A_x(R U) R at (3,3) — sympy verified to 0.
  [OK] A4-char-poly-y: det(A_y - lam I) = (v-lam)^2 ((v-lam)^2 - c^2) — sympy verified to 0.
  wrote output/a04_rotational_covariance.latex.tex

All A4 identities verified by sympy.
