
============================================================
  B5 - Reflective-y bottom BC
============================================================
  [OK] B5-involution: R_ref^2 = I — sympy verified to 0.
  [OK] B5-flux-reversal[0]: F_y(R_ref U)[0] = R_ref' F_y(U)[0] — sympy verified to 0.
  [OK] B5-flux-reversal[1]: F_y(R_ref U)[1] = R_ref' F_y(U)[1] — sympy verified to 0.
  [OK] B5-flux-reversal[2]: F_y(R_ref U)[2] = R_ref' F_y(U)[2] — sympy verified to 0.
  [OK] B5-flux-reversal[3]: F_y(R_ref U)[3] = R_ref' F_y(U)[3] — sympy verified to 0.
  [OK] B5-wall-flux[0]: F_y(rho, u, 0, P)[0] = (0,0,P,0)[0] — sympy verified to 0.
  [OK] B5-wall-flux[1]: F_y(rho, u, 0, P)[1] = (0,0,P,0)[1] — sympy verified to 0.
  [OK] B5-wall-flux[2]: F_y(rho, u, 0, P)[2] = (0,0,P,0)[2] — sympy verified to 0.
  [OK] B5-wall-flux[3]: F_y(rho, u, 0, P)[3] = (0,0,P,0)[3] — sympy verified to 0.
  [OK] B5-HSE-pert-zero[0]: R_ref (zero pert) = zero pert — sympy verified to 0.
  [OK] B5-HSE-pert-zero[1]: R_ref (zero pert) = zero pert — sympy verified to 0.
  [OK] B5-HSE-pert-zero[2]: R_ref (zero pert) = zero pert — sympy verified to 0.
  [OK] B5-HSE-pert-zero[3]: R_ref (zero pert) = zero pert — sympy verified to 0.
  [OK] B5-HLLC-wall-symmetry: HLLC(R_ref U, U) has S_star=0; flux = (0,0,P,0).
        (algebraic consequence of §A8 strong-form identities).
  wrote output/b05_reflective_y_bc.latex.tex

All B5 identities verified by sympy.
